



















                          STAR TREK 



ENTER 1 OR 2 FOR INSTRUCTIONS (ENTER 2 TO PAGE) 3

ENTER SEED NUMBER 1
INITIALIZING...

YOU MUST DESTROY 19 KINGONS IN 30 STARDATES WITH 5 STARBASES

-=--=--=--=--=--=--=--=-
    *                   
    *              *     STARDATE  2900
         <*>             CONDITION GREEN
       *              *  QUADRANT  7,6 
                         SECTOR    4,3 
                         ENERGY    3000
          *              SHIELDS   0
       *                 PHOTON TORPEDOES 10
-=--=--=--=--=--=--=--=-
COMMAND 9
